tb_test_magnify.py ; 360
tb_test_scanning.py ; 360
tb_test_scanning_timing.py ; 720
