wx_tb_test_goto.py
wx_tb_test_keyboard.py ; 360
wx_tb_test_placement.py
wx_tb_test_audio_1.py
wx_tb_test_audio.py ; 360
wx_tb_test_magnify.py ; 360
wx_tb_test_scanning.py ; 360
wx_tb_test_scanning_timing.py ; 720
